ERROR:2024-12-07 13:01:41:Trace:198d079c-af9a-45b2-8236-7fbb2a012f69:Error 1
ERROR:2024-12-07 13:01:43:Trace:30019fff-7645-4d07-9fc4-0bbb39aa09db:Error 3
ERROR:2024-12-07 13:01:43:Trace:30019fff-7645-4d07-9fc4-0bbb39aa09db:Error 4
